/home/andrea/Progetti/STM32MidiSynth/Firmware/TestPWM/Core/Src/main.c:66:5:main	8	static
/home/andrea/Progetti/STM32MidiSynth/Firmware/TestPWM/Core/Src/main.c:123:6:SystemClock_Config	88	static
/home/andrea/Progetti/STM32MidiSynth/Firmware/TestPWM/Core/Src/main.c:170:13:MX_TIM11_Init	40	static
/home/andrea/Progetti/STM32MidiSynth/Firmware/TestPWM/Core/Src/main.c:216:13:MX_GPIO_Init	48	static
/home/andrea/Progetti/STM32MidiSynth/Firmware/TestPWM/Core/Src/main.c:258:6:Error_Handler	4	static,ignoring_inline_asm
