/home/andrea/Progetti/STM32MidiSynth/Firmware/TestPWM/Core/Src/main.c:76:6:TimerCallback	2
/home/andrea/Progetti/STM32MidiSynth/Firmware/TestPWM/Core/Src/main.c:103:5:main	1
/home/andrea/Progetti/STM32MidiSynth/Firmware/TestPWM/Core/Src/main.c:181:6:SystemClock_Config	3
/home/andrea/Progetti/STM32MidiSynth/Firmware/TestPWM/Core/Src/main.c:228:13:MX_TIM11_Init	4
/home/andrea/Progetti/STM32MidiSynth/Firmware/TestPWM/Core/Src/main.c:274:13:MX_GPIO_Init	1
/home/andrea/Progetti/STM32MidiSynth/Firmware/TestPWM/Core/Src/main.c:316:6:Error_Handler	1
