/home/andrea/Progetti/STM32MidiSynth/Firmware/TestPWM/Core/Src/main.c:69:6:HAL_TIM_PeriodElapsedCallback	24	static
/home/andrea/Progetti/STM32MidiSynth/Firmware/TestPWM/Core/Src/main.c:89:5:main	8	static
/home/andrea/Progetti/STM32MidiSynth/Firmware/TestPWM/Core/Src/main.c:164:6:SystemClock_Config	88	static
/home/andrea/Progetti/STM32MidiSynth/Firmware/TestPWM/Core/Src/main.c:211:13:MX_TIM10_Init	8	static
/home/andrea/Progetti/STM32MidiSynth/Firmware/TestPWM/Core/Src/main.c:242:13:MX_TIM11_Init	40	static
/home/andrea/Progetti/STM32MidiSynth/Firmware/TestPWM/Core/Src/main.c:288:13:MX_GPIO_Init	48	static
/home/andrea/Progetti/STM32MidiSynth/Firmware/TestPWM/Core/Src/main.c:330:6:Error_Handler	4	static,ignoring_inline_asm
