/home/andrea/Progetti/STM32MidiSynth/Firmware/TestPWM/Core/Src/main.c:74:6:TimerCallback	1
/home/andrea/Progetti/STM32MidiSynth/Firmware/TestPWM/Core/Src/main.c:89:5:main	1
/home/andrea/Progetti/STM32MidiSynth/Firmware/TestPWM/Core/Src/main.c:166:6:SystemClock_Config	3
/home/andrea/Progetti/STM32MidiSynth/Firmware/TestPWM/Core/Src/main.c:213:13:MX_TIM11_Init	4
/home/andrea/Progetti/STM32MidiSynth/Firmware/TestPWM/Core/Src/main.c:259:13:MX_GPIO_Init	1
/home/andrea/Progetti/STM32MidiSynth/Firmware/TestPWM/Core/Src/main.c:301:6:Error_Handler	1
