/home/andrea/Progetti/STM32MidiSynth/Firmware/Library/Src/Engine.c:9:6:Engine_GeneratorSampleInit	0	static
/home/andrea/Progetti/STM32MidiSynth/Firmware/Library/Src/Engine.c:18:7:Engine_GeneratorSampleStep	0	static
/home/andrea/Progetti/STM32MidiSynth/Firmware/Library/Src/Engine.c:38:6:Engine_GeneratorSineInit	24	static
/home/andrea/Progetti/STM32MidiSynth/Firmware/Library/Src/Engine.c:49:7:Engine_GeneratorSineStep	0	static
/home/andrea/Progetti/STM32MidiSynth/Firmware/Library/Src/Engine.c:63:6:Engine_GeneratorFastSineInit	24	static
/home/andrea/Progetti/STM32MidiSynth/Firmware/Library/Src/Engine.c:77:7:Engine_GeneratorFastSineStep	0	static
/home/andrea/Progetti/STM32MidiSynth/Firmware/Library/Src/Engine.c:85:6:Engine_GeneratorSawInit	0	static
/home/andrea/Progetti/STM32MidiSynth/Firmware/Library/Src/Engine.c:95:7:Engine_GeneratorSawStep	0	static
/home/andrea/Progetti/STM32MidiSynth/Firmware/Library/Src/Engine.c:114:6:Engine_GeneratorSawtoothInit	0	static
/home/andrea/Progetti/STM32MidiSynth/Firmware/Library/Src/Engine.c:121:7:Engine_GeneratorSawtoothStep	0	static
/home/andrea/Progetti/STM32MidiSynth/Firmware/Library/Src/Engine.c:133:6:Engine_GeneratorExpInit	8	static
/home/andrea/Progetti/STM32MidiSynth/Firmware/Library/Src/Engine.c:140:7:Engine_GeneratorExpStep	0	static
/home/andrea/Progetti/STM32MidiSynth/Firmware/Library/Src/Engine.c:152:6:Engine_GeneratorExpReset	0	static
/home/andrea/Progetti/STM32MidiSynth/Firmware/Library/Src/Engine.c:159:6:Engine_GeneratorADSRInit	40	static
/home/andrea/Progetti/STM32MidiSynth/Firmware/Library/Src/Engine.c:179:7:Engine_GeneratorADSRStep	88	static
/home/andrea/Progetti/STM32MidiSynth/Firmware/Library/Src/Engine.c:260:6:Engine_GeneratorADSRReset	0	static
